[axcera.io/index.html]
[backblue.gif]
[fade.gif]
[index.html]
[cdn.prod.website-files.com/686e53fd3445aa7ef16e612f/css/axcera-staging.webflow.shared.178b18c2b.min.css]
[ajax.googleapis.com/ajax/libs/webfont/1.6.26/webfont.js]
[cdn.prod.website-files.com/686e53fd3445aa7ef16e612f/68dfaf4af34d8e29f6e91800_favicon.png]
[cdn.prod.website-files.com/686e53fd3445aa7ef16e612f/68dfaf4bed381716342b8134_webclip.png]
[www.google.com/recaptcha/api.js]
[cdn-cookieyes.com/client_data/6f385bbb18301c341319492d/script.js]
[cdn.jsdelivr.net/npm/gsap@3.13.0/dist/gsap.min.js]
[cdn.jsdelivr.net/npm/gsap@3.13.0/dist/ScrollTrigger.min.js]
[cdn.jsdelivr.net/npm/gsap@3.13.0/dist/SplitText.min.js]
[cdn.jsdelivr.net/npm/gsap@3.13.0/dist/MotionPathPlugin.min.js]
[unpkg.com/@phosphor-icons/web@2.1.1/src/regular/style.css]
[unpkg.com/@phosphor-icons/web@2.1.1/src/bold/style.css]
[unpkg.com/@phosphor-icons/web@2.1.1/src/fill/style.css]
[cdnjs.cloudflare.com/ajax/libs/font-awesome/6.6.0/css/all.min.css]
[axcera.io/solutions/prop-crm.html]
[axcera.io/solutions/broker-crm.html]
[axcera.io/solutions/trading-apis.html]
[axcera.io/solutions/risk-guard.html]
[axcera.io/integrations.html]
[axcera.io/blog.html]
[axcera.io/about.html]
[axcera.io/partners.html]
[axcera.io/careers.html]
[axcera.io/contact.html]
[axcera.io/book-a-demo.html]
[cdn.jsdelivr.net/npm/@finsweet/attributes-numbercount@1/numbercount.js]
[cdn.prod.website-files.com/686e53fd3445aa7ef16e612f/691abfff1a54419a33ce8732_Checkout-Made-Simple.gif]
[tools.refokus.com/automatic-tabs/bundle.v1.0.0.js]
[cdn.jsdelivr.net/npm/@finsweet/attributes@2/attributes.js]
[cdn.jsdelivr.net/npm/@finsweet/attributes-accordion@1/accordion.js]
[axcera.io/glossary.html]
[axcera.io/legal/privacy-policy.html]
[axcera.io/legal/terms-conditions.html]
[axcera.io/legal/cookies-policy.html]
[d3e54v103j8qbb.cloudfront.net/js/jquery-3.5.1.min.dc5e7f18c81acc.js]
[axcera.io/index181d.html]
[axcera.io/indexcc56.html]
[cdn.prod.website-files.com/686e53fd3445aa7ef16e612f/js/webflow.schunk.36b8fb49256177c8.js]
[cdn.prod.website-files.com/686e53fd3445aa7ef16e612f/js/webflow.schunk.2db16861e2d1f07e.js]
[cdn.prod.website-files.com/686e53fd3445aa7ef16e612f/js/webflow.7eae5df2.f97d531f76355d47.js]
[cdn.prod.website-files.com/gsap/3.14.2/gsap.min.js]
[cdn.prod.website-files.com/gsap/3.14.2/ScrollTrigger.min.js]
[cdn.prod.website-files.com/gsap/3.14.2/TextPlugin.min.js]
[unpkg.com/lenis@1.3.11/dist/lenis.css]
[axcera.io/index.html]
[cdn.prod.website-files.com/686e53fd3445aa7ef16e612f/css/axcera-staging.webflow.shared.178b18c2b.min.css]
[unpkg.com/lenis@1.3.11/dist/lenis.min.js]
[unpkg.com/@phosphor-icons/web@2.1.1/src/regular/Phosphor.woff2]
[unpkg.com/@phosphor-icons/web@2.1.1/src/regular/Phosphor.woff]
[unpkg.com/@phosphor-icons/web@2.1.1/src/regular/Phosphor.ttf]
[unpkg.com/@phosphor-icons/web@2.1.1/src/regular/style.css]
[unpkg.com/@phosphor-icons/web@2.1.1/src/bold/Phosphor-Bold.woff2]
[unpkg.com/@phosphor-icons/web@2.1.1/src/regular/Phosphor.svg]
[unpkg.com/@phosphor-icons/web@2.1.1/src/bold/Phosphor-Bold.woff]
[unpkg.com/@phosphor-icons/web@2.1.1/src/bold/Phosphor-Bold.ttf]
[unpkg.com/@phosphor-icons/web@2.1.1/src/bold/style.css]
[unpkg.com/@phosphor-icons/web@2.1.1/src/fill/Phosphor-Fill.woff2]
[unpkg.com/@phosphor-icons/web@2.1.1/src/bold/Phosphor-Bold.svg]
[unpkg.com/@phosphor-icons/web@2.1.1/src/fill/Phosphor-Fill.woff]
[unpkg.com/@phosphor-icons/web@2.1.1/src/fill/Phosphor-Fill.ttf]
[unpkg.com/@phosphor-icons/web@2.1.1/src/fill/style.css]
[cdnjs.cloudflare.com/ajax/libs/font-awesome/6.6.0/css/all.min.css]
[unpkg.com/@phosphor-icons/web@2.1.1/src/fill/Phosphor-Fill.svg]
[axcera.io/solutions/prop-crm.html]
[unpkg.com/typewriter-effect@2.22.0/dist/core.js]
[cdn.prod.website-files.com/686e53fd3445aa7ef16e612f/6914489d8184efce0919ddeb_top-left.gif]
[raw.githubusercontent.com/rahulxchanana/axcera/refs/heads/main/center.gif]
[cdn.prod.website-files.com/686e53fd3445aa7ef16e612f/6914489cd85d9cfda493c26e_top-right.gif]
[cdn.prod.website-files.com/686e53fd3445aa7ef16e612f/6914489c63baac1df051fc5d_bottom-left.gif]
[cdn.prod.website-files.com/686e53fd3445aa7ef16e612f/6914489cd16c24537b0be5d7_bottom-right.gif]
[axcera.io/solutions/broker-crm.html]
[axcera.io/solutions/trading-apis.html]
[axcera.io/solutions/risk-guard.html]
[cdn.prod.website-files.com/686e53fd3445aa7ef16e612f/js/webflow.3e67f73d.d261b01abf486540.js]
[axcera.io/integrations.html]
[axcera.io/integrationsc632.html]
[cdn.prod.website-files.com/68e37162ea10833e4235ae82/69a6c59dce4cddcead9c7c6c_Axcera February 2026 Highlights 512x520 (1) (1).jpg]
[axcera.io/blog/axcera-february-2026-highlights.html]
[axcera.io/blog/axcera-january-2026-highlights.html]
[axcera.io/blog/axcera-introduces-a-new-website-built-for-a-broader-trading-firm-platform.html]
[axcera.io/blog/the-scalability-crisis-facing-prop-trading-firms.html]
[axcera.io/blog/how-prop-firms-can-attract-more-traders.html]
[axcera.io/blog/axcera-december-2025-highlights.html]
[axcera.io/blog/why-most-prop-firms-break-from-the-inside-out.html]
[cdn.jsdelivr.net/npm/swiper@8/swiper-bundle.min.css]
[cdn.jsdelivr.net/npm/swiper@8/swiper-bundle.min.js]
[cdn.prod.website-files.com/68e37162ea10833e4235ae82/69a6c59a45bf2ca036d1912f_Axcera February 2026 Highlights 1024x560 (1) (1).jpg]
[axcera.io/blog/how-axcera-enables-prop-firms-to-trade-multiple-markets-from-one-platform.html]
[axcera.io/blog/the-multi-asset-advantage-why-prop-trading-firms-are-adopting-a-multi-asset-model.html]
[axcera.io/blog/axcera-appoints-zbysek-nemec-as-chief-technology-officer.html]
[axcera.io/blog/thank-you-for-2025.html]
[axcera.io/blog/axcera-october-2025-highlights.html]
[cdn.prod.website-files.com/68e37162ea10833e4235ae82/690a083f26f5e608372ae349_Blog-Featured-Image-NOV-1-1.jpg]
[axcera.io/blog/axcera-earns-triple-nomination-at-finance-magnates-awards-2025.html]
[axcera.io/blog/axcera-to-attend-forex-expo-dubai-2025.html]
[cdn.prod.website-files.com/68e37162ea10833e4235ae82/690a083ec3881bb9b5c1425c_Dubai.png]
[axcera.io/blog/september-2025-highlights-awards-innovation-and-industry-events.html]
[axcera.io/blog/axcera-earns-triple-recognition-in-proprietary-trading-technology-at-the-financefeeds-awards-2025.html]
[cdn.prod.website-files.com/68e37162ea10833e4235ae82/690a083e11f75c38fffc72a3_Blog-3-1-scaled.png]
[axcera.io/blog/strengthening-the-core-gabriela-jakabova-joins-axcera-as-coo.html]
[axcera.io/blog/axceras-july-roundup-must-read-strategies-for-prop-firm-growth.html]
[cdn.prod.website-files.com/68e37162ea10833e4235ae82/690a083d3cf037e477f05d92_Blog-1-1-scaled.png]
[axcera.io/blog/gamification-in-prop-trading-platforms-what-works-and-what-does-not.html]
[cdn.prod.website-files.com/68e37162ea10833e4235ae82/690a083cb867c3af31a3519f_Gamification-in-Prop-Trading-Platforms-Blog.png]
[axcera.io/blog/automating-a-prop-firm-how-to-operate-at-scale-with-fewer-resources.html]
[cdn.prod.website-files.com/68e37162ea10833e4235ae82/690a083b09f6b7d513d61c50_Automating-a-Prop-Firm-Blog.png]
[axcera.io/blog/from-startup-to-global-prop-firm-scaling-up-without-losing-control.html]
[cdn.prod.website-files.com/68e37162ea10833e4235ae82/690a083c8893304393e96df3_From-Startup-to-Global-Prop-Firm-Blog.png]
[axcera.io/blog/ifx-expo-international-2025-recap-catch-the-excitement-and-highlights.html]
[axcera.io/blog/axcera-and-solitics-partner-to-advance-prop-trading-automation.html]
[cdn.prod.website-files.com/68e37162ea10833e4235ae82/690a083d6a53a461ffb9b9c3_Solitics-x-Axcera-Announcement-Blog-Design.png]
[axcera.io/blog/the-future-of-prop-trading-trends-driving-prop-firms-forward.html]
[cdn.prod.website-files.com/68e37162ea10833e4235ae82/690a083f476c210ac322532d_The-Future-of-Prop-Trading-Blog.png]
[axcera.io/blog/risk-management-and-fraud-detection-prop-firm.html]
[cdn.prod.website-files.com/68e37162ea10833e4235ae82/690a083b6689f95fc5c1e063_Safeguarding-a-Prop-Trading-Firm-Blog.png]
[axcera.io/blog/axcera-at-ifx-expo-2025.html]
[cdn.prod.website-files.com/68e37162ea10833e4235ae82/690a083b30518d70d9b316a4_IFXEXPO-Limassol-Pre-event-Blog.png]
[axcera.io/blog/how-to-start-a-white-label-prop-firm-with-full-control.html]
[axcera.io/blog/axcera-appoints-lubomir-marasi-as-commercial-director.html]
[axcera.io/blog/axcera-may-2025-release-smarter-automation-sharper-controls-clearer-visibility.html]
[axcera.io/blog/axcera-and-ctrader-one-year-partnership.html]
[cdn.prod.website-files.com/68e37162ea10833e4235ae82/690a083abf0ef6f910f76bdb_cTrader-Partnership-Blog-Design.png]
[axcera.io/blog/introducing-axceras-hybrid-model-the-future-of-prop-firms.html]
[axcera.io/blog/axcera-april-release-smarter-tools-smoother-experience.html]
[axcera.io/blog/axcera-march-2025-updates-faster-workflows-more-control.html]
[axcera.io/blog/the-future-of-prop-firms-is-here.html]
[axcera.io/blog/axcera-x-iledgends-helping-prop-firms-access-the-right-banking-solutions.html]
[cdn.prod.website-files.com/68e37162ea10833e4235ae82/690a083a99d6ba13368cc961_1-Axcera-x-iLedgends-blog-1.png]
[axcera.io/blog/axceras-february-2025-updates-more-control-faster-payouts-and-smarter-operations.html]
[axcera.io/blog/starting-a-prop-trading-firm.html]
[cdn.prod.website-files.com/68e37162ea10833e4235ae82/690a08389f9fbe8836ed3d60_prop-trading-firm.jpg]
[axcera.io/blog/axcera-at-ifx-expo-dubai-2025-event-recap.html]
[cdn.prod.website-files.com/68e37162ea10833e4235ae82/690a08391aac794d0268d63f_IMG_1338.jpg]
[axcera.io/blog/2024-end-of-year-reflections.html]
[axcera.io/blog/how-risky-is-starting-a-proprietary-trading-firm.html]
[cdn.prod.website-files.com/68e37162ea10833e4235ae82/690a0838f8e9ec97896a75fc_propriety-trading-firm-.png]
[axcera.io/blog/how-do-proprietary-trading-firms-make-money.html]
[cdn.prod.website-files.com/68e37162ea10833e4235ae82/690a083812316dbe35b84497_prop-firm-technology-2.png]
[axcera.io/blog/how-do-you-set-up-a-proprietary-trading-firm.html]
[axcera.io/blog/november-tech-updates-for-prop-trading-firms.html]
[axcera.io/blog/what-was-the-legacy-of-the-nifty-fifty-for-proprietary-firms.html]
[cdn.prod.website-files.com/68e37162ea10833e4235ae82/690a08379ab4d74bfda05eb8_Basic-Trading-Technology-scaled.jpg]
[axcera.io/blog/how-to-create-a-prop-firm.html]
[axcera.io/blog/why-is-prop-trading-still-shaped-by-ancient-technology.html]
[axcera.io/blog/exactly-how-far-has-prop-firm-tech-advanced.html]
[axcera.io/blog/what-features-are-needed-in-futures-prop-firm-software.html]
[axcera.io/blog/when-should-you-not-start-a-proprietary-trading-business.html]
[axcera.io/blog/learning-from-failure-lesson-for-prop-firm-success.html]
[axcera.io/blog/who-invented-automated-trading-before-financial-technology.html]
[axcera.io/blog/how-did-the-financial-big-bang-affect-prop-firm-technology.html]
[axcera.io/blog/how-can-prop-firms-handle-major-market-shaking-events.html]
[axcera.io/blog/does-your-prop-firm-need-a-technology-upgrade.html]
[axcera.io/blog/how-can-prop-firm-tech-handle-political-uncertainty.html]
[axcera.io/blog/how-to-start-up-your-own-prop-firm.html]
[cdn.prod.website-files.com/68e37162ea10833e4235ae82/690a08357626811629d9b36b_money-scaled.jpg]
[axcera.io/blog/how-did-a-green-screen-terminal-change-financial-trading.html]
[axcera.io/blog/is-now-a-good-time-to-set-up-a-prop-firm.html]
[axcera.io/blog/how-can-prop-firm-tech-help-you-act-fast-in-trading.html]
[axcera.io/blog/what-did-we-learn-from-lses-failed-electronic-trading-technology.html]
[axcera.io/blog/how-can-prop-firm-technology-help-in-a-market-crisis.html]
[axcera.io/blog/how-technology-can-increase-prop-firm-success.html]
[axcera.io/blog/how-has-prop-trading-technology-evolved-over-the-years.html]
[axcera.io/blog/how-does-software-help-with-risk-management.html]
[axcera.io/blog/the-most-unusual-piece-of-stock-trading-software-ever.html]
[axcera.io/blog/how-the-first-electronic-trading-platform-changed-everything.html]
[axcera.io/blog/what-was-the-first-ever-online-stock-market.html]
[axcera.io/blog/is-starting-a-prop-trading-firm-the-right-business-for-you.html]
[axcera.io/blog/delivering-a-seamless-trader-experience-the-role-of-crm-and-ux-in-prop-firms.html]
[axcera.io/blog/5-warning-signs-your-prop-trading-technology-is-holding-you-back.html]
[axcera.io/blog/axcera-recognized-as-industry-leader-in-trading-technology.html]
[axcera.io/blog/powering-the-next-era-of-trading-infrastructure.html]
[axcera.io/blog/deepcharts-launch-what-10-000-traders-learned-about-order-flow-and-why-infrastructure-matters.html]
[axcera.io/blog/axcera-november-2025-highlights.html]
[axcera.io/blog/the-future-of-prop-trading-is-not-challenges-it-is-retention.html]
[axcera.io/blog.html]
[axcera.io/blog/prop-trading-is-scaling-fast-most-systems-are-falling-behind.html]
[cdn.jsdelivr.net/npm/@finsweet/3dglobes@1/styles.min.css]
[cdnjs.cloudflare.com/ajax/libs/three.js/r125/three.min.js]
[cdn.jsdelivr.net/npm/@finsweet/3dglobes@1/OrbitControls.min.js]
[axcera.io/about.html]
[cdn.jsdelivr.net/npm/@finsweet/3dglobes@1/FsGlobe.min.js]
[cdn.jsdelivr.net/npm/intl-tel-input@25.12.3/build/css/intlTelInput.css]
[axcera.io/partners.html]
[axcera.io/careers.html]
[axcera.io/contact.html]
[cdn.jsdelivr.net/npm/intl-tel-input@25.12.3/build/js/intlTelInput.min.js]
[axcera.io/book-a-demo.html]
[axcera.io/index181d.html]
[axcera.io/indexcc56.html]
[embed.typeform.com/next/embed.js]
[axcera.io/glossary.html]
[axcera.io/index8035.html]
[axcera.io/legal/privacy-policy.html]
[axcera.io/legal/terms-conditions.html]
[axcera.io/legal/cookies-policy.html]
[unpkg.com/lenis@1.3.11/dist/lenis.css]
[axcera.io/index420e.html]
[axcera.io/index1d04.html]
[unpkg.com/@phosphor-icons/web@2.1.1/src/regular/Phosphor.svg]
[axcera.io/indexcb9f.html]
[unpkg.com/@phosphor-icons/web@2.1.1/src/bold/Phosphor-Bold.svg]
[unpkg.com/@phosphor-icons/web@2.1.1/src/fill/Phosphor-Fill.svg]
[axcera.io/integrations0acd.html]
[axcera.io/integrationsc632.html]
[axcera.io/integrations432d.html]
[axcera.io/blog/rss.xml]
[cdn.jsdelivr.net/npm/@finsweet/attributes-richtext@1/richtext.js]
[axcera.io/blog/axcera-february-2026-highlights.html]
[axcera.io/blog/axcera-january-2026-highlights.html]
[axcera.io/blog/axcera-introduces-a-new-website-built-for-a-broader-trading-firm-platform.html]
[axcera.io/blog/the-scalability-crisis-facing-prop-trading-firms.html]
[axcera.io/blog/how-prop-firms-can-attract-more-traders.html]
[axcera.io/blog/axcera-december-2025-highlights.html]
[axcera.io/blog/why-most-prop-firms-break-from-the-inside-out.html]
[cdn.jsdelivr.net/npm/swiper@8/swiper-bundle.min.css]
[axcera.io/blog/how-axcera-enables-prop-firms-to-trade-multiple-markets-from-one-platform.html]
[axcera.io/blog/the-multi-asset-advantage-why-prop-trading-firms-are-adopting-a-multi-asset-model.html]
[axcera.io/blog/axcera-appoints-zbysek-nemec-as-chief-technology-officer.html]
[axcera.io/blog/thank-you-for-2025.html]
[axcera.io/blog/axcera-october-2025-highlights.html]
[axcera.io/blog/axcera-earns-triple-nomination-at-finance-magnates-awards-2025.html]
[axcera.io/blog/axcera-to-attend-forex-expo-dubai-2025.html]
[axcera.io/blog/september-2025-highlights-awards-innovation-and-industry-events.html]
[axcera.io/blog/axcera-earns-triple-recognition-in-proprietary-trading-technology-at-the-financefeeds-awards-2025.html]
[axcera.io/blog/strengthening-the-core-gabriela-jakabova-joins-axcera-as-coo.html]
[axcera.io/blog/axceras-july-roundup-must-read-strategies-for-prop-firm-growth.html]
[axcera.io/blog/gamification-in-prop-trading-platforms-what-works-and-what-does-not.html]
[axcera.io/blog/automating-a-prop-firm-how-to-operate-at-scale-with-fewer-resources.html]
[axcera.io/blog/from-startup-to-global-prop-firm-scaling-up-without-losing-control.html]
[axcera.io/blog/ifx-expo-international-2025-recap-catch-the-excitement-and-highlights.html]
[axcera.io/blog/axcera-and-solitics-partner-to-advance-prop-trading-automation.html]
[axcera.io/blog/the-future-of-prop-trading-trends-driving-prop-firms-forward.html]
[axcera.io/blog/risk-management-and-fraud-detection-prop-firm.html]
[axcera.io/blog/axcera-at-ifx-expo-2025.html]
[axcera.io/blog/how-to-start-a-white-label-prop-firm-with-full-control.html]
[axcera.io/blog/axcera-appoints-lubomir-marasi-as-commercial-director.html]
[axcera.io/blog/axcera-may-2025-release-smarter-automation-sharper-controls-clearer-visibility.html]
[axcera.io/blog/axcera-and-ctrader-one-year-partnership.html]
[axcera.io/blog/introducing-axceras-hybrid-model-the-future-of-prop-firms.html]
[axcera.io/demo]
[axcera.io/blog/axcera-april-release-smarter-tools-smoother-experience.html]
[axcera.io/blog/axcera-march-2025-updates-faster-workflows-more-control.html]
[axcera.io/blog/the-future-of-prop-firms-is-here.html]
[axcera.io/blog/axcera-x-iledgends-helping-prop-firms-access-the-right-banking-solutions.html]
[axcera.io/blog/axceras-february-2025-updates-more-control-faster-payouts-and-smarter-operations.html]
[axcera.io/blog/starting-a-prop-trading-firm.html]
[axcera.io/blog/axcera-at-ifx-expo-dubai-2025-event-recap.html]
[axcera.io/blog/2024-end-of-year-reflections.html]
[axcera.io/blog/how-risky-is-starting-a-proprietary-trading-firm.html]
[axcera.io/blog/how-do-proprietary-trading-firms-make-money.html]
[axcera.io/blog/how-do-you-set-up-a-proprietary-trading-firm.html]
[axcera.io/blog/november-tech-updates-for-prop-trading-firms.html]
[axcera.io/blog/what-was-the-legacy-of-the-nifty-fifty-for-proprietary-firms.html]
[axcera.io/blog/how-to-create-a-prop-firm.html]
[axcera.io/blog/why-is-prop-trading-still-shaped-by-ancient-technology.html]
[axcera.io/blog/exactly-how-far-has-prop-firm-tech-advanced.html]
[axcera.io/blog/what-features-are-needed-in-futures-prop-firm-software.html]
[axcera.io/blog/when-should-you-not-start-a-proprietary-trading-business.html]
[axcera.io/blog/learning-from-failure-lesson-for-prop-firm-success.html]
[axcera.io/blog/who-invented-automated-trading-before-financial-technology.html]
[axcera.io/blog/how-did-the-financial-big-bang-affect-prop-firm-technology.html]
[axcera.io/blog/how-can-prop-firms-handle-major-market-shaking-events.html]
[axcera.io/blog/does-your-prop-firm-need-a-technology-upgrade.html]
[axcera.io/blog/how-can-prop-firm-tech-handle-political-uncertainty.html]
[axcera.io/blog/how-to-start-up-your-own-prop-firm.html]
[axcera.io/blog/how-did-a-green-screen-terminal-change-financial-trading.html]
[axcera.io/blog/is-now-a-good-time-to-set-up-a-prop-firm.html]
[axcera.io/blog/how-can-prop-firm-tech-help-you-act-fast-in-trading.html]
[axcera.io/blog/what-did-we-learn-from-lses-failed-electronic-trading-technology.html]
[axcera.io/blog/how-can-prop-firm-technology-help-in-a-market-crisis.html]
[axcera.io/blog/how-technology-can-increase-prop-firm-success.html]
[axcera.io/blog/how-has-prop-trading-technology-evolved-over-the-years.html]
[axcera.io/blog/how-does-software-help-with-risk-management.html]
[axcera.io/blog/the-most-unusual-piece-of-stock-trading-software-ever.html]
[axcera.io/blog/how-the-first-electronic-trading-platform-changed-everything.html]
[axcera.io/blog/what-was-the-first-ever-online-stock-market.html]
[cdn.prod.website-files.com/68e37162ea10833e4235ae82/690a0835c3881bb9b5c13f91_pexels-photo-7567443.jpg]
[axcera.io/blog/is-starting-a-prop-trading-firm-the-right-business-for-you.html]
[axcera.io/blog/delivering-a-seamless-trader-experience-the-role-of-crm-and-ux-in-prop-firms.html]
[axcera.io/blog/5-warning-signs-your-prop-trading-technology-is-holding-you-back.html]
[axcera.io/blog/axcera-recognized-as-industry-leader-in-trading-technology.html]
[axcera.io/blog/powering-the-next-era-of-trading-infrastructure.html]
[axcera.io/blog/deepcharts-launch-what-10-000-traders-learned-about-order-flow-and-why-infrastructure-matters.html]
[axcera.io/blog/axcera-november-2025-highlights.html]
[axcera.io/blog/the-future-of-prop-trading-is-not-challenges-it-is-retention.html]
[axcera.io/blog/prop-trading-is-scaling-fast-most-systems-are-falling-behind.html]
[cdn.jsdelivr.net/npm/@finsweet/3dglobes@1/styles.min.css]
[cdn.jsdelivr.net/npm/intl-tel-input@25.12.3/build/css/intlTelInput.css]
[axcera.io/window.location.b4.delayed]
[axcera.io/e]
[embed.typeform.com/next/embed.js]
[axcera.io/index8035.html]
[axcera.io/index41eb.html]
[axcera.io/index420e.html]
[axcera.io/index7d4d.html]
[axcera.io/index1d04.html]
[axcera.io/index9301.html]
[axcera.io/indexe03a.html]
[axcera.io/indexcb9f.html]
[axcera.io/integrations0acd.html]
[axcera.io/integrations432d.html]
[axcera.io/integrations41e9.html]
[axcera.io/axcera-earns-triple-recognition-in-proprietary-trading-technology-at-the-financefeeds-awards-2025/index.html]
[axcera.io/from-startup-to-global-prop-firm-scaling-up-without-losing-control/index.html]
[axcera.io/automating-a-prop-firm-how-to-operate-at-scale-with-fewer-resources/index.html]
[axcera.io/delivering-a-seamless-trader-experience-the-role-of-crm-and-ux-in-prop-firms/index.html]
[axcera.io/gamification-in-prop-trading-platforms-what-works-and-what-does-not/index.html]
[axcera.io/book-a-demo/index.html]
[axcera.io/the-future-of-prop-firms-is-here/index.html]
[axcera.io/request-a-demo]
[axcera.io/request-a-demo/index.html]
[axcera.io/demo.html]
[axcera.io/book-a-demo/index7ab1.html]
[axcera.io/features/index.html]
[axcera.io/index41eb.html]
[axcera.io/book-a-demo53a7.html]
[axcera.io/powering-the-next-era-of-trading-infrastructure/index.html]
[axcera.io/-closed=true;Path=]
[axcera.io/-closed=true;Path=/index.html]
[axcera.io/window.location.html]
[embed.typeform.com/next/css/index.html]
[axcera.io/e.html]
[axcera.io/to]
[axcera.io/to/index.html]
[axcera.io/single-embed.cb.delayed]
[axcera.io/single-embed/index.html]
[axcera.io/index7d4d.html]
[axcera.io/index9301.html]
[axcera.io/indexe03a.html]
[axcera.io/integrations41e9.html]
[axcera.io/request-a-demo.html]
[axcera.io/book-a-demo53a7.html]
[axcera.io/-closed=true;Path=.html]
[axcera.io/to.html]
[axcera.io/single-embed.html]
[axcera.io/integrations8f4a.html]
[axcera.io/indexc796.html]
[axcera.io/indexc796.html]
[axcera.io/integrations8f4a.html]
[axcera.io/integrations5349.html]
[axcera.io/integrations5349.html]
[axcera.io/integrations774a.html]
[axcera.io/integrations774a.html]
[axcera.io/integrationsb660.html]
[axcera.io/integrationsb660.html]
[axcera.io/integrations14f3.html]
[axcera.io/integrations14f3.html]
